{
  "vectors": [
    {
      "input": {
        "src_chain_id": 1,
        "dst_chain_id": 2,
        "src_adapter": "0000000000000000000000000000000000000000000000000000000000000000",
        "recipient": "0000000000000000000000000000000000000000000000000000000000000000",
        "asset": "0000000000000000000000000000000000000000000000000000000000000000",
        "amount": 1000,
        "payload_hash": "0000000000000000000000000000000000000000000000000000000000000000",
        "nonce": 1
      },
      "hash": "5313da98ff59483c2996fa0bca700189e1173351d233c1b75da52dd652fe7e38"
    }
  ]
}
